Usage:

>>> BaseGeometry = __import__('7-base_geometry').BaseGeometry
>>>bg = BaseGeometry()


Exception when area is not implemented:

>>> bg = BaseGeometry()
>>> bg.area()
Traceback (most recent call last):
Exception: area() is not implemented

TypeError when value is not an integer:

>>> bg = BaseGeometry()
>>> bg.integer_validator("name", "12")
Traceback (most recent call last):
TypeError: name must be an integer

>>> bg = BaseGeometry()
>>> bg.integer_validator("name", False)
Traceback (most recent call last):
TypeError: name must be an integer

ValueError when value <= 0:

>>> bg = BaseGeometry()
>>> bg.integer_validator("name", -2)
Traceback (most recent call last):
ValueError: name must be greater than 0

>>> bg = BaseGeometry()
>>> bg.integer_validator("name", 0)
Traceback (most recent call last):
ValueError: name must be greater than 0
